// Jest Snapshot v1, https://goo.gl/fbAQLP

exports[`header should renders the component 1`] = `
<DocumentFragment>
  <div
    class="sc-bdVaJa hjLEoZ"
    data-testid="header"
  >
    <a
      href="/"
    >
      Gallery
    </a>
  </div>
</DocumentFragment>
`;
